<?xml version="1.0" encoding="UTF-8"?>
<testsuites name="bun test" tests="34" assertions="141" failures="0" skipped="0" time="2.034332184">
  <testsuite name="src/index.test.ts" tests="34" assertions="141" failures="0" skipped="0" time="0.028" hostname="belafonte-ubuntu">
    <testcase name="GET / returns welcome message" classname="Basic Endpoints &amp;gt; OIDC Server" time="0.001" file="src/index.test.ts" assertions="2" />
    <testcase name="OPTIONS / returns CORS headers" classname="Basic Endpoints &amp;gt; OIDC Server" time="0" file="src/index.test.ts" assertions="4" />
    <testcase name="GET /not-found returns 404" classname="Basic Endpoints &amp;gt; OIDC Server" time="0" file="src/index.test.ts" assertions="1" />
    <testcase name="GET /.well-known/openid-configuration returns discovery document" classname="Discovery Endpoints &amp;gt; OIDC Server" time="0" file="src/index.test.ts" assertions="13" />
    <testcase name="GET /.well-known/jwks.json returns public keys" classname="Discovery Endpoints &amp;gt; OIDC Server" time="0" file="src/index.test.ts" assertions="7" />
    <testcase name="GET /authorize without parameters returns 400" classname="Authorization Endpoint &amp;gt; OIDC Server" time="0.001" file="src/index.test.ts" assertions="1" />
    <testcase name="GET /authorize with invalid client_id returns 400" classname="Authorization Endpoint &amp;gt; OIDC Server" time="0" file="src/index.test.ts" assertions="1" />
    <testcase name="GET /authorize with invalid redirect_uri returns 400" classname="Authorization Endpoint &amp;gt; OIDC Server" time="0" file="src/index.test.ts" assertions="1" />
    <testcase name="GET /authorize with valid parameters returns login form" classname="Authorization Endpoint &amp;gt; OIDC Server" time="0" file="src/index.test.ts" assertions="6" />
    <testcase name="POST /authorize with invalid credentials returns 401" classname="Authorization Endpoint &amp;gt; OIDC Server" time="0" file="src/index.test.ts" assertions="1" />
    <testcase name="POST /authorize with valid credentials redirects with code" classname="Authorization Endpoint &amp;gt; OIDC Server" time="0.002" file="src/index.test.ts" assertions="4" />
    <testcase name="POST /authorize preserves state parameter" classname="Authorization Endpoint &amp;gt; OIDC Server" time="0" file="src/index.test.ts" assertions="1" />
    <testcase name="POST /token with invalid grant_type returns 400" classname="Token Endpoint &amp;gt; OIDC Server" time="0" file="src/index.test.ts" assertions="2" />
    <testcase name="POST /token with invalid client returns 401" classname="Token Endpoint &amp;gt; OIDC Server" time="0.001" file="src/index.test.ts" assertions="2" />
    <testcase name="POST /token with invalid code returns 400" classname="Token Endpoint &amp;gt; OIDC Server" time="0" file="src/index.test.ts" assertions="2" />
    <testcase name="POST /token without code_verifier returns 400" classname="Token Endpoint &amp;gt; OIDC Server" time="0.001" file="src/index.test.ts" assertions="3" />
    <testcase name="POST /token with invalid code_verifier returns 400" classname="Token Endpoint &amp;gt; OIDC Server" time="0.001" file="src/index.test.ts" assertions="2" />
    <testcase name="POST /token with wrong redirect_uri returns 400" classname="Token Endpoint &amp;gt; OIDC Server" time="0.001" file="src/index.test.ts" assertions="2" />
    <testcase name="POST /token with valid parameters returns tokens" classname="Token Endpoint &amp;gt; OIDC Server" time="0.002" file="src/index.test.ts" assertions="7" />
    <testcase name="POST /token with form-encoded data works" classname="Token Endpoint &amp;gt; OIDC Server" time="0.003" file="src/index.test.ts" assertions="3" />
    <testcase name="POST /token rejects reused authorization code" classname="Token Endpoint &amp;gt; OIDC Server" time="0.003" file="src/index.test.ts" assertions="3" />
    <testcase name="GET /userinfo without Authorization header returns 401" classname="UserInfo Endpoint &amp;gt; OIDC Server" time="0" file="src/index.test.ts" assertions="2" />
    <testcase name="GET /userinfo with invalid token returns 401" classname="UserInfo Endpoint &amp;gt; OIDC Server" time="0" file="src/index.test.ts" assertions="2" />
    <testcase name="GET /userinfo with valid token returns user info" classname="UserInfo Endpoint &amp;gt; OIDC Server" time="0.003" file="src/index.test.ts" assertions="4" />
    <testcase name="GET /userinfo with malformed Authorization header returns 401" classname="UserInfo Endpoint &amp;gt; OIDC Server" time="0" file="src/index.test.ts" assertions="2" />
    <testcase name="End-to-end OAuth 2.1 PKCE flow" classname="Complete PKCE Flow &amp;gt; OIDC Server" time="0.003" file="src/index.test.ts" assertions="19" />
    <testcase name="PKCE prevents code interception attack" classname="Complete PKCE Flow &amp;gt; OIDC Server" time="0.001" file="src/index.test.ts" assertions="2" />
    <testcase name="Access token contains correct claims" classname="JWT Token Verification &amp;gt; OIDC Server" time="0.002" file="src/index.test.ts" assertions="7" />
    <testcase name="ID token contains correct claims" classname="JWT Token Verification &amp;gt; OIDC Server" time="0.002" file="src/index.test.ts" assertions="7" />
    <testcase name="GET /authorize without client_id returns 400" classname="Error Handling &amp;gt; OIDC Server" time="0.001" file="src/index.test.ts" assertions="1" />
    <testcase name="GET /authorize without redirect_uri returns 400" classname="Error Handling &amp;gt; OIDC Server" time="0" file="src/index.test.ts" assertions="1" />
    <testcase name="GET /authorize without code_challenge returns 400" classname="Error Handling &amp;gt; OIDC Server" time="0" file="src/index.test.ts" assertions="1" />
    <testcase name="POST /token with missing parameters returns 400" classname="Error Handling &amp;gt; OIDC Server" time="0" file="src/index.test.ts" assertions="1" />
    <testcase name="All endpoints support CORS preflight" classname="CORS Support &amp;gt; OIDC Server" time="0" file="src/index.test.ts" assertions="24" />
  </testsuite>
</testsuites>
